[INFO] 解析 YAML: SimTop.yaml
[INFO] 共解析 332 个模块定义

======================================================================
SimTop 完整模块实例化树
======================================================================
SimTop
├── ExampleFuzzSystem (ldut)
│   ├── InterruptBusWrapper (ibus)
│   │   └── IntXbar (int_bus)
│   ├── SimpleClockGroupSource (dummyClockGroupSourceNode)
│   ├── SystemBus (subsystem_sbus)
│   │   ├── ClockGroupAggregator (subsystem_sbus_clock_groups)
│   │   ├── ClockGroup (clockGroup)
│   │   ├── FixedClockBroadcast (fixedClockNode)
│   │   ├── BundleBridgeNexus (broadcast)
│   │   ├── TLXbar (system_bus_xbar)
│   │   ├── TLFIFOFixer (fixer)
│   │   ├── TLInterconnectCoupler (coupler_to_bus_named_subsystem_cbus)
│   │   │   └── TLWidthWidget (widget)
│   │   ├── TLInterconnectCoupler_1 (coupler_from_bus_named_subsystem_fbus)
│   │   │   └── TLWidthWidget_1 (widget)
│   │   ├── TLInterconnectCoupler_2 (coupler_to_bus_named_subsystem_l2)
│   │   │   └── TLWidthWidget_2 (widget)
│   │   └── TLInterconnectCoupler_3 (coupler_from_tile)
│   ├── PeripheryBus (subsystem_pbus)
│   │   ├── ClockGroupAggregator_1 (subsystem_pbus_clock_groups)
│   │   ├── ClockGroup_1 (clockGroup)
│   │   ├── FixedClockBroadcast_1 (fixedClockNode)
│   │   ├── BundleBridgeNexus_1 (broadcast)
│   │   ├── TLFIFOFixer_1 (fixer)
│   │   ├── TLXbar_1 (in_xbar)
│   │   ├── TLXbar_2 (out_xbar)
│   │   ├── TLBuffer (buffer)
│   │   ├── TLAtomicAutomata (atomics)
│   │   └── TLBuffer_1 (buffer_1)
│   ├── FrontBus (subsystem_fbus)
│   │   ├── ClockGroupAggregator_2 (subsystem_fbus_clock_groups)
│   │   ├── ClockGroup_2 (clockGroup)
│   │   ├── FixedClockBroadcast_2 (fixedClockNode)
│   │   ├── BundleBridgeNexus_2 (broadcast)
│   │   ├── TLXbar_3 (subsystem_fbus_xbar)
│   │   └── TLBuffer_2 (buffer)
│   ├── PeripheryBus_1 (subsystem_cbus)
│   │   ├── ClockGroupAggregator_3 (subsystem_cbus_clock_groups)
│   │   ├── ClockGroup_3 (clockGroup)
│   │   ├── FixedClockBroadcast_3 (fixedClockNode)
│   │   ├── BundleBridgeNexus_3 (broadcast)
│   │   ├── TLFIFOFixer_2 (fixer)
│   │   ├── TLXbar_4 (in_xbar)
│   │   ├── TLXbar_5 (out_xbar)
│   │   ├── TLBuffer_3 (buffer)
│   │   │   ├── Queue (nodeOut_a_q)
│   │   │   └── Queue_1 (nodeIn_d_q)
│   │   ├── TLAtomicAutomata_1 (atomics)
│   │   ├── TLBuffer_4 (buffer_1)
│   │   ├── TLInterconnectCoupler_4 (coupler_to_bus_named_subsystem_pbus)
│   │   │   └── TLWidthWidget_3 (widget)
│   │   ├── TLInterconnectCoupler_5 (coupler_to_tile)
│   │   │   └── TLWidthWidget_4 (widget)
│   │   └── TLInterconnectCoupler_6 (coupler_to_bootrom)
│   │       └── TLFragmenter (fragmenter)
│   │           └── Repeater (repeater)
│   ├── MemoryBus (subsystem_mbus)
│   │   ├── ClockGroupAggregator_4 (subsystem_mbus_clock_groups)
│   │   ├── ClockGroup_4 (clockGroup)
│   │   ├── FixedClockBroadcast_4 (fixedClockNode)
│   │   ├── BundleBridgeNexus_4 (broadcast)
│   │   ├── TLXbar_6 (subsystem_mbus_xbar)
│   │   ├── TLFIFOFixer_3 (fixer)
│   │   ├── ProbePicker (picker)
│   │   ├── TLBuffer_5 (buffer)
│   │   ├── TLXbar_7 (xbar)
│   │   └── TLInterconnectCoupler_7 (coupler_to_memory_controller_port_named_axi4)
│   │       ├── AXI4UserYanker (axi4yank)
│   │       │   ├── Queue_2 (Queue)
│   │       │   ├── Queue_3 (Queue_1)
│   │       │   ├── Queue_4 (Queue_2)
│   │       │   ├── Queue_5 (Queue_3)
│   │       │   ├── Queue_6 (Queue_4)
│   │       │   ├── Queue_7 (Queue_5)
│   │       │   ├── Queue_8 (Queue_6)
│   │       │   ├── Queue_9 (Queue_7)
│   │       │   ├── Queue_10 (Queue_8)
│   │       │   ├── Queue_11 (Queue_9)
│   │       │   ├── Queue_12 (Queue_10)
│   │       │   ├── Queue_13 (Queue_11)
│   │       │   ├── Queue_14 (Queue_12)
│   │       │   ├── Queue_15 (Queue_13)
│   │       │   ├── Queue_16 (Queue_14)
│   │       │   ├── Queue_17 (Queue_15)
│   │       │   ├── Queue_18 (Queue_16)
│   │       │   ├── Queue_19 (Queue_17)
│   │       │   ├── Queue_20 (Queue_18)
│   │       │   ├── Queue_21 (Queue_19)
│   │       │   ├── Queue_22 (Queue_20)
│   │       │   ├── Queue_23 (Queue_21)
│   │       │   ├── Queue_24 (Queue_22)
│   │       │   ├── Queue_25 (Queue_23)
│   │       │   ├── Queue_26 (Queue_24)
│   │       │   ├── Queue_27 (Queue_25)
│   │       │   ├── Queue_28 (Queue_26)
│   │       │   ├── Queue_29 (Queue_27)
│   │       │   ├── Queue_30 (Queue_28)
│   │       │   ├── Queue_31 (Queue_29)
│   │       │   ├── Queue_32 (Queue_30)
│   │       │   └── Queue_33 (Queue_31)
│   │       ├── AXI4IdIndexer (axi4index)
│   │       ├── TLToAXI4 (tl2axi4)
│   │       │   ├── Queue_34 (nodeOut_w_deq_q)
│   │       │   └── Queue_35 (queue_arw_deq_q)
│   │       └── TLWidthWidget_5 (widget)
│   ├── CoherenceManagerWrapper (subsystem_l2_wrapper)
│   │   ├── ClockGroupAggregator_5 (subsystem_l2_clock_groups)
│   │   ├── ClockGroup_5 (clockGroup)
│   │   ├── FixedClockBroadcast_5 (fixedClockNode)
│   │   ├── BundleBridgeNexus_5 (broadcast)
│   │   ├── TLBroadcast (broadcast_1)
│   │   │   ├── BroadcastFilter (filter)
│   │   │   ├── TLBroadcastTracker (TLBroadcastTracker)
│   │   │   │   └── Queue_36 (o_data_q)
│   │   │   ├── TLBroadcastTracker_1 (TLBroadcastTracker_1)
│   │   │   │   └── Queue_37 (o_data_q)
│   │   │   ├── TLBroadcastTracker_2 (TLBroadcastTracker_2)
│   │   │   │   └── Queue_38 (o_data_q)
│   │   │   └── TLBroadcastTracker_3 (TLBroadcastTracker_3)
│   │   │       └── Queue_39 (o_data_q)
│   │   ├── TLJbar (coherent_jbar)
│   │   ├── BankBinder (binder)
│   │   └── TLInterconnectCoupler_8 (coupler_to_bus_named_subsystem_mbus)
│   │       └── TLWidthWidget_6 (widget)
│   ├── TilePRCIDomain (tile_prci_domain)
│   │   ├── TileResetDomain (tile_reset_domain)
│   │   │   └── RocketTile (tile)
│   │   │       ├── TLXbar_8 (tlMasterXbar)
│   │   │       ├── TLXbar_9 (tlSlaveXbar)
│   │   │       ├── IntXbar_1 (intXbar)
│   │   │       ├── BundleBridgeNexus_6 (broadcast)
│   │   │       ├── BundleBridgeNexus_7 (broadcast_1)
│   │   │       ├── BundleBridgeNexus_8 (broadcast_2)
│   │   │       ├── BundleBridgeNexus_9 (nexus)
│   │   │       ├── BundleBridgeNexus_10 (broadcast_3)
│   │   │       ├── BundleBridgeNexus_11 (nexus_1)
│   │   │       ├── BundleBridgeNexus_12 (broadcast_4)
│   │   │       ├── TLWidthWidget_7 (widget)
│   │   │       ├── NonBlockingDCache (dcache)
│   │   │       │   ├── WritebackUnit (wb)
│   │   │       │   ├── ProbeUnit (prober)
│   │   │       │   ├── MSHRFile (mshrs)
│   │   │       │   │   ├── Arbiter (meta_read_arb)
│   │   │       │   │   ├── Arbiter_1 (meta_write_arb)
│   │   │       │   │   ├── Arbiter_2 (wb_req_arb)
│   │   │       │   │   ├── Arbiter_3 (replay_arb)
│   │   │       │   │   ├── Arbiter_4 (alloc_arb)
│   │   │       │   │   ├── MSHR (mshrs_0)
│   │   │       │   │   │   ├── Queue_40 (rpq)
│   │   │       │   │   │   └── Queue_41 (grantackq)
│   │   │       │   │   ├── Arbiter_5 (mmio_alloc_arb)
│   │   │       │   │   ├── Arbiter_6 (resp_arb)
│   │   │       │   │   └── IOMSHR (mmios_0)
│   │   │       │   ├── TLB (dtlb)
│   │   │       │   │   ├── OptimizationBarrier (mpu_ppn_barrier)
│   │   │       │   │   ├── PMPChecker (pmp)
│   │   │       │   │   ├── OptimizationBarrier_1 (entries_barrier)
│   │   │       │   │   ├── OptimizationBarrier_2 (entries_barrier_1)
│   │   │       │   │   ├── OptimizationBarrier_3 (entries_barrier_2)
│   │   │       │   │   ├── OptimizationBarrier_4 (entries_barrier_3)
│   │   │       │   │   ├── OptimizationBarrier_5 (entries_barrier_4)
│   │   │       │   │   ├── OptimizationBarrier_6 (entries_barrier_5)
│   │   │       │   │   ├── OptimizationBarrier_7 (entries_barrier_6)
│   │   │       │   │   ├── OptimizationBarrier_8 (entries_barrier_7)
│   │   │       │   │   ├── OptimizationBarrier_9 (entries_barrier_8)
│   │   │       │   │   ├── OptimizationBarrier_10 (entries_barrier_9)
│   │   │       │   │   ├── OptimizationBarrier_11 (entries_barrier_10)
│   │   │       │   │   ├── OptimizationBarrier_12 (entries_barrier_11)
│   │   │       │   │   └── OptimizationBarrier_13 (entries_barrier_12)
│   │   │       │   ├── L1MetadataArray (meta)
│   │   │       │   ├── Arbiter_7 (metaReadArb)
│   │   │       │   ├── Arbiter_8 (metaWriteArb)
│   │   │       │   ├── DataArray (data)
│   │   │       │   ├── Arbiter_9 (readArb)
│   │   │       │   ├── Arbiter_10 (writeArb)
│   │   │       │   ├── AMOALU (amoalu)
│   │   │       │   ├── MaxPeriodFibonacciLFSR (lfsr_prng)
│   │   │       │   └── Arbiter_11 (wbArb)
│   │   │       ├── Frontend (frontend)
│   │   │       │   ├── ICache (icache)
│   │   │       │   │   └── MaxPeriodFibonacciLFSR_1 (repl_way_v0_prng)
│   │   │       │   ├── ShiftQueue (fq)
│   │   │       │   ├── TLB_1 (tlb)
│   │   │       │   │   ├── OptimizationBarrier_14 (mpu_ppn_barrier)
│   │   │       │   │   ├── PMPChecker_1 (pmp)
│   │   │       │   │   ├── OptimizationBarrier_15 (entries_barrier)
│   │   │       │   │   ├── OptimizationBarrier_16 (entries_barrier_1)
│   │   │       │   │   ├── OptimizationBarrier_17 (entries_barrier_2)
│   │   │       │   │   ├── OptimizationBarrier_18 (entries_barrier_3)
│   │   │       │   │   ├── OptimizationBarrier_19 (entries_barrier_4)
│   │   │       │   │   ├── OptimizationBarrier_20 (entries_barrier_5)
│   │   │       │   │   ├── OptimizationBarrier_21 (entries_barrier_6)
│   │   │       │   │   ├── OptimizationBarrier_22 (entries_barrier_7)
│   │   │       │   │   ├── OptimizationBarrier_23 (entries_barrier_8)
│   │   │       │   │   ├── OptimizationBarrier_24 (entries_barrier_9)
│   │   │       │   │   ├── OptimizationBarrier_25 (entries_barrier_10)
│   │   │       │   │   ├── OptimizationBarrier_26 (entries_barrier_11)
│   │   │       │   │   └── OptimizationBarrier_27 (entries_barrier_12)
│   │   │       │   └── BTB (btb)
│   │   │       ├── TLWidthWidget_8 (widget_1)
│   │   │       ├── TLFragmenter_1 (fragmenter)
│   │   │       ├── TLWidthWidget_9 (widget_2)
│   │   │       ├── TLBuffer_6 (buffer)
│   │   │       ├── TLBuffer_7 (buffer_1)
│   │   │       ├── FPU (fpuOpt)
│   │   │       │   ├── FPUDecoder (fp_decoder)
│   │   │       │   ├── DummyDPICWrapper (difftest_module)
│   │   │       │   │   └── DifftestFpWriteback (dpic)
│   │   │       │   ├── DummyDPICWrapper_1 (difftest_module_1)
│   │   │       │   │   └── DifftestFpWriteback (dpic)
│   │   │       │   ├── FPUFMAPipe (sfma)
│   │   │       │   │   └── MulAddRecFNPipe (fma)
│   │   │       │   │       ├── MulAddRecFNToRaw_preMul (mulAddRecFNToRaw_preMul)
│   │   │       │   │       ├── MulAddRecFNToRaw_postMul (mulAddRecFNToRaw_postMul)
│   │   │       │   │       └── RoundRawFNToRecFN (roundRawFNToRecFN)
│   │   │       │   │           └── RoundAnyRawFNToRecFN (roundAnyRawFNToRecFN)
│   │   │       │   ├── FPToInt (fpiu)
│   │   │       │   │   ├── CompareRecFN (dcmp)
│   │   │       │   │   ├── RecFNToIN (conv)
│   │   │       │   │   └── RecFNToIN_1 (narrow)
│   │   │       │   ├── IntToFP (ifpu)
│   │   │       │   │   ├── INToRecFN (i2f)
│   │   │       │   │   │   └── RoundAnyRawFNToRecFN_1 (roundAnyRawFNToRecFN)
│   │   │       │   │   └── INToRecFN_1 (i2f_1)
│   │   │       │   │       └── RoundAnyRawFNToRecFN_2 (roundAnyRawFNToRecFN)
│   │   │       │   ├── FPToFP (fpmu)
│   │   │       │   │   └── RecFNToRecFN (narrower)
│   │   │       │   │       └── RoundAnyRawFNToRecFN_3 (roundAnyRawFNToRecFN)
│   │   │       │   ├── FPUFMAPipe_1 (dfma)
│   │   │       │   │   └── MulAddRecFNPipe_1 (fma)
│   │   │       │   │       ├── MulAddRecFNToRaw_preMul_1 (mulAddRecFNToRaw_preMul)
│   │   │       │   │       ├── MulAddRecFNToRaw_postMul_1 (mulAddRecFNToRaw_postMul)
│   │   │       │   │       └── RoundRawFNToRecFN_1 (roundRawFNToRecFN)
│   │   │       │   │           └── RoundAnyRawFNToRecFN_4 (roundAnyRawFNToRecFN)
│   │   │       │   ├── DivSqrtRecFN_small (divSqrt)
│   │   │       │   │   ├── DivSqrtRecFNToRaw_small (divSqrtRecFNToRaw)
│   │   │       │   │   │   └── DivSqrtRawFN_small (divSqrtRawFN_)
│   │   │       │   │   └── RoundRawFNToRecFN_2 (roundRawFNToRecFN)
│   │   │       │   │       └── RoundAnyRawFNToRecFN_5 (roundAnyRawFNToRecFN)
│   │   │       │   ├── DivSqrtRecFN_small_1 (divSqrt_1)
│   │   │       │   │   ├── DivSqrtRecFNToRaw_small_1 (divSqrtRecFNToRaw)
│   │   │       │   │   │   └── DivSqrtRawFN_small_1 (divSqrtRawFN_)
│   │   │       │   │   └── RoundRawFNToRecFN_3 (roundRawFNToRecFN)
│   │   │       │   │       └── RoundAnyRawFNToRecFN_6 (roundAnyRawFNToRecFN)
│   │   │       │   ├── DummyDPICWrapper_2 (difftest_module_2)
│   │   │       │   │   └── DifftestArchFpRegState (dpic)
│   │   │       │   ├── DelayReg (difftest_delayer)
│   │   │       │   ├── DummyDPICWrapper_3 (difftest_module_3)
│   │   │       │   │   └── DifftestArchFpDelayedUpdate (dpic)
│   │   │       │   ├── DelayReg_1 (difftest_delayer_1)
│   │   │       │   └── DummyDPICWrapper_4 (difftest_module_4)
│   │   │       │       └── DifftestArchFpDelayedUpdate (dpic)
│   │   │       ├── HellaCacheArbiter (dcacheArb)
│   │   │       ├── PTW (ptw)
│   │   │       │   ├── Arbiter_12 (arb)
│   │   │       │   ├── OptimizationBarrier_28 (state_barrier)
│   │   │       │   └── OptimizationBarrier_29 (r_pte_barrier)
│   │   │       └── Rocket (core)
│   │   │           ├── IBuf (ibuf)
│   │   │           │   └── RVCExpander (exp)
│   │   │           ├── CSRFile (csr)
│   │   │           │   ├── DelayReg_2 (difftest_delayer)
│   │   │           │   ├── DummyDPICWrapper_5 (difftest_module)
│   │   │           │   │   └── DifftestArchEvent (dpic)
│   │   │           │   └── DummyDPICWrapper_6 (difftest_module_1)
│   │   │           │       └── DifftestTrapEvent (dpic)
│   │   │           ├── BreakpointUnit (bpu)
│   │   │           ├── ABLU (alu)
│   │   │           ├── BitManipCrypto (ex_zbk_wdata_zbk)
│   │   │           ├── MulDiv (div)
│   │   │           ├── DummyDPICWrapper_7 (difftest_module)
│   │   │           │   └── DifftestArchIntRegState (dpic)
│   │   │           ├── DummyDPICWrapper_8 (difftest_module_1)
│   │   │           │   └── DifftestIntWriteback (dpic)
│   │   │           ├── DummyDPICWrapper_9 (difftest_module_2)
│   │   │           │   └── DifftestCSRState (dpic)
│   │   │           ├── DummyDPICWrapper_10 (difftest_module_3)
│   │   │           │   └── DifftestSnapshotCSRState (dpic)
│   │   │           ├── DelayReg_3 (difftest_delayer)
│   │   │           ├── DummyDPICWrapper_11 (difftest_module_4)
│   │   │           │   └── DifftestInstrCommit (dpic)
│   │   │           ├── DelayReg_4 (difftest_delayer_1)
│   │   │           ├── DummyDPICWrapper_12 (difftest_module_5)
│   │   │           │   └── DifftestArchIntDelayedUpdate (dpic)
│   │   │           └── PlusArgTimeout (PlusArgTimeout)
│   │   │               └── plusarg_reader (plusarg_reader)
│   │   ├── FixedClockBroadcast_6 (clockNode)
│   │   ├── TLBuffer_8 (buffer)
│   │   │   ├── Queue_42 (nodeOut_a_q)
│   │   │   ├── Queue_43 (nodeIn_d_q)
│   │   │   ├── Queue_44 (nodeIn_b_q)
│   │   │   ├── Queue_45 (nodeOut_c_q)
│   │   │   └── Queue_46 (nodeOut_e_q)
│   │   ├── TLBuffer_9 (buffer_1)
│   │   ├── IntSyncAsyncCrossingSink (intsink)
│   │   │   └── SynchronizerShiftReg_w1_d3 (chain)
│   │   │       └── NonSyncResetSynchronizerPrimitiveShiftReg_d3 (output_chain)
│   │   ├── IntSyncSyncCrossingSink (intsink_1)
│   │   ├── IntSyncSyncCrossingSink_1 (intsink_2)
│   │   ├── IntSyncSyncCrossingSink_2 (intsink_3)
│   │   ├── IntSyncCrossingSource (intsource)
│   │   │   └── AsyncResetRegVec_w1_i0 (reg_)
│   │   ├── IntSyncCrossingSource_1 (intsource_1)
│   │   │   └── AsyncResetRegVec_w1_i0_1 (reg_)
│   │   ├── IntSyncCrossingSource_2 (intsource_2)
│   │   │   └── AsyncResetRegVec_w1_i0_2 (reg_)
│   │   ├── BundleBridgeNexus_13 (trace)
│   │   └── BundleBridgeNexus_14 (tracecore)
│   ├── IntXbar_2 (xbar)
│   ├── IntXbar_3 (xbar_1)
│   ├── IntXbar_4 (xbar_2)
│   ├── BundleBridgeNexus_15 (tileHartIdNexusNode)
│   ├── BundleBridgeNexus_16 (broadcast)
│   ├── IntSyncXbar (xbar_3)
│   ├── IntSyncCrossingSource_3 (intsource)
│   │   └── AsyncResetRegVec_w1_i0_3 (reg_)
│   ├── NullIntSource (null_int_source)
│   ├── IntSyncCrossingSource_4 (intsource_1)
│   │   └── AsyncResetRegVec_w2_i0 (reg_)
│   ├── NullIntSource_1 (null_int_source_1)
│   ├── IntSyncCrossingSource_5 (intsource_2)
│   │   └── AsyncResetRegVec_w1_i0_4 (reg_)
│   ├── IntSyncCrossingSource_6 (intsource_3)
│   │   └── AsyncResetRegVec_w1_i0_5 (reg_)
│   ├── IntSyncSyncCrossingSink_3 (intsink)
│   ├── IntSyncSyncCrossingSink_4 (intsink_1)
│   ├── IntSyncSyncCrossingSink_5 (intsink_2)
│   └── ClockSinkDomain (bootROMDomainWrapper)
│       └── TLROM (bootrom)
└── SimAXIMem (mem)
    ├── AXI4RAM (srams)
    │   └── DifftestMem2P (mem)
    │       └── MemRWHelper (helper_0)
    ├── AXI4Xbar (axi4xbar)
    │   ├── Queue_47 (awIn_0)
    │   └── Queue_48 (awOut_0)
    ├── AXI4Buffer (axi4buf)
    │   ├── Queue_49 (nodeOut_aw_deq_q)
    │   ├── Queue_50 (nodeOut_w_deq_q)
    │   ├── Queue_51 (nodeIn_b_deq_q)
    │   ├── Queue_52 (nodeOut_ar_deq_q)
    │   └── Queue_53 (nodeIn_r_deq_q)
    └── AXI4Fragmenter (axi4frag)
        ├── Queue_54 (deq_q)
        ├── Queue_55 (deq_q_1)
        └── Queue_56 (in_w_deq_q)

